[   0.107] <hard reset via RTS>
[   0.312] ESP-ROM:esp32s3-20210327
[   0.312] Build:Mar 27 2021
[   0.312] rst:0x15 (USB_UART_CHIP_RESET),boot:0x29 (SPI_FAST_FLASH_BOOT)
[   0.312] Saved PC:0x40378158
[   0.312] SPIWP:0xee
[   0.312] mode:DIO, clock div:1
[   0.312] load:0x3fce2820,len:0x53c
[   0.312] load:0x403c8700,len:0xc2c
[   0.312] load:0x403cb700,len:0x2b2c
[   0.312] entry 0x403c8870
[   1.328] [435] [ERR] [GYR] SDK IMU not found
[   1.328] [436] [INF] [CLK] SDK RTC found[436] [INF] [MAIN] Device: xteink_x4_pro
[   1.732] [678] [SD] SDMMC card mounted
[   1.732] [690] [DBG] [CPS] Settings loaded from file
[   1.732] [693] [DBG] [UI] Using Lyra theme
[   1.732] [694] [INF] [FrontlightMgr] apply: brightness=0 level=0 totalDuty=0 coolDuty=0 warmDuty=0 lit=0
[   1.732] [694] [INF] [FrontlightMgr] begin: attached gpio=8 warm=9 ok=1
[   1.733] [694] [INF] [FrontlightMgr] apply: brightness=0 level=0 totalDuty=0 coolDuty=0 warmDuty=0 lit=0
[   1.733] [694] [INF] [FrontlightMgr] apply: brightness=0 level=0 totalDuty=0 coolDuty=0 warmDuty=0 lit=0
[   1.733] [694] [INF] [LIGHT] Frontlight up: 60% warm=50% off
[   1.733] [694] [DBG] [MAIN] Starting CrossPoint version 1.6.0-x4pro-epdtrace
[   1.733] [695] [XTDET] NVS hw_calib/screenType=2 (UltraChip)
[   1.733] [814] [XTDET] bus probe VER=00 0F 68 00 00 FLG=13 -> UltraChip
[   1.733] [814] [XTDET] MTP[0x000..0x02F]: A5 A5 1F 20 25 25 3C 00 97 02 02 03 20 02 58 00 00 00 00 00 00 00 00 0F 00 00 68 00 00 00 00 00 00 00 00 00 00 00 00 00 05 0A 0F 14 50 5F 64 7F
[   1.733] [815] [XTDET] promoted SSD1677 -> UC8279 800x480 (LUT_VER=68)
[   1.733] [815] [DBG] [MAIN] Panel controller: UltraChip UC81xx variant detected
[   1.935] [896] [EPD] c=00 len=2 37 4D
[   1.935] [897] [EPD] c=61 len=4 03 20 02 58
[   1.935] [897] [EPD] c=65 len=4 00 00 00 00
[   1.935] [897] [EPD] c=03 len=1 20
[   1.935] [897] [EPD] c=30 len=1 0E
[   1.935] [897] [DBG] [MAIN] Display initialized
[   1.935] [898] [DBG] [SDREG] Fonts directory not found: /.fonts
[   1.935] [899] [DBG] [SDREG] Fonts directory not found: /fonts
[   1.935] [899] [DBG] [SDREG] Discovery complete: 0 families
[   1.935] [899] [DBG] [SDFS] SD font system ready (0 families discovered)
[   1.935] [899] [DBG] [MAIN] Fonts setup
[   1.935] [899] [DBG] [ACT] Entering activity: Boot
[   1.935] [905] [DBG] [GFX] Time = 6 ms from clearScreen to displayBuffer
[   1.935] [897] [EPD] c=E1 len=1 02
[   1.935] [908] [EPD] c=13 len=60000 FF FF FF FF FF FF FF FF
[   1.935] [944] [EPD] c=10 len=60000 FF FF FF FF FF FF FF FF
[   1.935] [978] [EPD] c=50 len=1 97
[   1.935] [978] [EPD] c=E0 len=1 02
[   1.935] [978] [EPD] c=E5 len=1 1E
[   1.935] [978] [EPD] c=04 len=0
[   1.935] [1017]   Wait complete:  8279x4_PON (39 ms)
[   1.935] [1017] [EPD] c=00 len=2 17 4D
[   3.359] [1018] [EPD] c=12 len=0
[   3.359] [2343]   Wait complete:  8279x4_DRF (1325 ms)
[   3.359] [2381] [DBG] [ACT] Exiting activity: Boot
[   3.359] [2381] [DBG] [ACT] Entering activity: Home
[   3.359] [2406] [DBG] [GFX] Time = 25 ms from clearScreen to displayBuffer
[   3.359] [2343] [EPD] c=10 len=60000 FF FF FF FF FF FF FF FF
[   3.359] [2408] [EPD] c=13 len=60000 FF FF FF FF FF FF FF FF
[   3.359] [2448] [EPD] c=50 len=1 D7
[   3.359] [2448] [EPD] c=E0 len=1 02
[   3.359] [2448] [EPD] c=E5 len=1 5A
[   3.359] [2449] [EPD] c=03 len=1 20
[   3.359] [2449] [EPD] c=E1 len=1 02
[   3.359] [2449] [EPD] c=91 len=0
[   3.359] [2449] [EPD] c=90 len=9 00 00 03 1F 00 78 02 57
[   3.359] [2449] [EPD] c=00 len=2 17 4D
[   3.969] [2449] [EPD] c=12 len=0
[   3.969] [2932]   Wait complete:  8279x4_DRF (483 ms)
[   3.969] [2932] [EPD] c=92 len=0
[   3.969] [2987] [DBG] [GFX] Time = 8 ms from clearScreen to displayBuffer
[   3.969] [2932] [EPD] c=10 len=60000 FF FF FF FF FF FF FF FF
[   3.969] [2990] [EPD] c=13 len=60000 FF FF FF FF FF FF FF FF
[   3.969] [3030] [EPD] c=50 len=1 D7
[   3.969] [3030] [EPD] c=E0 len=1 02
[   3.969] [3030] [EPD] c=E5 len=1 5A
[   3.969] [3030] [EPD] c=03 len=1 20
[   3.969] [3030] [EPD] c=E1 len=1 02
[   3.969] [3030] [EPD] c=91 len=0
[   3.969] [3030] [EPD] c=90 len=9 00 00 03 1F 00 78 02 57
[   3.969] [3031] [EPD] c=00 len=2 17 4D
[   4.580] [3031] [EPD] c=12 len=0
[   4.580] [3514]   Wait complete:  8279x4_DRF (482 ms)
[   4.580] [3514] [EPD] c=92 len=0
[   6.406] [5381] [DBG] [PWR] Going to low-power mode
[  11.088] [10009] [INF] [MEM] Free: 223252 bytes, Total: 293332 bytes, Min Free: 223124 bytes, MaxAlloc: 180212 bytes
[  21.078] [20046] [INF] [MEM] Free: 223252 bytes, Total: 293332 bytes, Min Free: 223124 bytes, MaxAlloc: 180212 bytes
[  31.056] [30083] [INF] [MEM] Free: 223252 bytes, Total: 293332 bytes, Min Free: 223124 bytes, MaxAlloc: 180212 bytes
